
> protocolov-tracker@1.0.0 test
> jest tests/bot.test.js

node.exe : FAIL tests/bot.test.js
No linha:1 caractere:1
+ & "C:\Program Files\nodejs/node.exe" "C:\Program 
Files\nodejs/node_mo ...
+ ~~~~~~~~~~~~~~~~~~~~~~~~~~~~~~~~~~~~~~~~~~~~~~~~~~
~~~~~~~~~~~~~~~~~~~
    + CategoryInfo          : NotSpecified: (FAIL t 
   ests/bot.test.js:String) [], RemoteException
    + FullyQualifiedErrorId : NativeCommandError
 
  K.A.I.O. Telegram Bot - Unit Tests
    ÔêÜ Deveria registrar o menu de comandos ao 
iniciar (2 ms)
    ├ù Comando /start deveria enviar a mensagem de 
boas-vindas correta (2 ms)
    ÔêÜ Comando /meu_id deveria identificar 
corretamente um administrador (1 ms)
    ÔêÜ Comando de Admin (/radar) deveria ser 
negado para usu├írios n├úo autorizados (1 ms)
    ├ù Callback Query "cvc_" (Convoca├º├úo) deveria 
extrair nome do comandante do r├ídio corretamente 
(2 ms)
    ├ù Callback Query "uni_" (Unidade) deveria 
processar transfer├¬ncia t├ítica (1 ms)
    ├ù Callback Query "uni_cancel" deveria abortar 
transfer├¬ncia t├ítica (1 ms)
    ├ù Callback Query "cvc_cancel" deveria abortar 
convoca├º├úo (1 ms)

  ÔùÅ K.A.I.O. Telegram Bot - Unit Tests ÔÇ║ 
Comando /start deveria enviar a mensagem de 
boas-vindas correta

    
expect(jest.fn()).toHaveBeenCalledWith(...expected)

    Expected: 123, StringContaining "SISTEMA 
ONLINE", Any<Object>

    Number of calls: 0

    [0m [90m 120 |[39m         
startHandler(msg)[33m;[39m
     [90m 121 |[39m
    [31m[1m>[22m[39m[90m 122 |[39m         exp
ect(mockBotInstance[33m.[39msendMessage)[33m.[39
mtoHaveBeenCalledWith(
     [90m     |[39m                               
              [31m[1m^[22m[39m
     [90m 123 |[39m             
[35m123[39m[33m,[39m 
     [90m 124 |[39m             
expect[33m.[39mstringContaining([32m'SISTEMA 
ONLINE'[39m)[33m,[39m 
     [90m 125 |[39m             
expect[33m.[39many([33mObject[39m)[0m

      at Object.toHaveBeenCalledWith 
(tests/bot.test.js:122:45)

  ÔùÅ K.A.I.O. Telegram Bot - Unit Tests ÔÇ║ 
Callback Query "cvc_" (Convoca├º├úo) deveria 
extrair nome do comandante do r├ídio corretamente

    
expect(jest.fn()).toHaveBeenCalledWith(...expected)

    Expected: StringContaining "Iniciando 
convoca├º├úo sem c├│digo", ObjectContaining 
{"chat_id": 456, "message_id": 789}
    Received: "ƒñû *[K.A.I.O.]*: Iniciando chamada 
p├║blica para o time.", {"chat_id": 456, 
"message_id": 789, "parse_mode": "Markdown"}

    Number of calls: 1

    [0m [90m 165 |[39m
     [90m 166 |[39m         [90m// Deve tentar 
editar a mensagem para indicar in├¡cio da 
convoca├º├úo[39m
    [31m[1m>[22m[39m[90m 167 |[39m         exp
ect(mockBotInstance[33m.[39meditMessageText)[33m.
[39mtoHaveBeenCalledWith(
     [90m     |[39m                               
                  [31m[1m^[22m[39m
     [90m 168 |[39m             
expect[33m.[39mstringContaining([32m'Iniciando 
convoca├º├úo sem c├│digo'[39m)[33m,[39m
     [90m 169 |[39m             
expect[33m.[39mobjectContaining({ 
chat_id[33m:[39m [35m456[39m[33m,[39m 
message_id[33m:[39m [35m789[39m })
     [90m 170 |[39m         )[33m;[39m[0m

      at Object.toHaveBeenCalledWith 
(tests/bot.test.js:167:49)

  ÔùÅ K.A.I.O. Telegram Bot - Unit Tests ÔÇ║ 
Callback Query "uni_" (Unidade) deveria processar 
transfer├¬ncia t├ítica

    
expect(jest.fn()).toHaveBeenCalledWith(...expected)

    Expected: 456, StringContaining "Designado para 
o esquadr├úo *ALPHA*", Any<Object>
    Received: 456, "ƒñû *[K.A.I.O. // NOVA 
EQUIPE]*┬À
    Voc├¬ agora faz parte do Esquadr├úo *ALPHA*. 
Sua miss├úo ├® manter o alto n├¡vel.
    ÔöüÔöüÔöüÔöüÔöüÔöüÔöüÔöüÔöüÔöüÔöüÔöüÔöüÔöü
    _Protocolo V // Mentor T├ítico A.I._", 
{"parse_mode": "Markdown"}

    Number of calls: 1

    [0m [90m 183 |[39m
     [90m 184 |[39m         [90m// Deve enviar 
mensagem de confirma├º├úo de transfer├¬ncia[39m
    [31m[1m>[22m[39m[90m 185 |[39m         exp
ect(mockBotInstance[33m.[39msendMessage)[33m.[39
mtoHaveBeenCalledWith(
     [90m     |[39m                               
              [31m[1m^[22m[39m
     [90m 186 |[39m             
[35m456[39m[33m,[39m
     [90m 187 |[39m             
expect[33m.[39mstringContaining([32m'Designado 
para o esquadr├úo *ALPHA*'[39m)[33m,[39m
     [90m 188 |[39m             
expect[33m.[39many([33mObject[39m)[0m

      at Object.toHaveBeenCalledWith 
(tests/bot.test.js:185:45)

  ÔùÅ K.A.I.O. Telegram Bot - Unit Tests ÔÇ║ 
Callback Query "uni_cancel" deveria abortar 
transfer├¬ncia t├ítica

    
expect(jest.fn()).toHaveBeenCalledWith(...expected)

    Expected: StringContaining "Opera├º├úo de 
transfer├¬ncia abortada", Any<Object>
    Received: "ƒñû *[K.A.I.O.]*: Tudo bem, 
mantivemos sua equipe atual. O que mais posso fazer 
por voc├¬?", {"chat_id": 456, "message_id": 791, 
"parse_mode": "Markdown"}

    Number of calls: 1

    [0m [90m 201 |[39m         [36mawait[39m 
callbackHandler(query)[33m;[39m
     [90m 202 |[39m
    [31m[1m>[22m[39m[90m 203 |[39m         exp
ect(mockBotInstance[33m.[39meditMessageText)[33m.
[39mtoHaveBeenCalledWith(
     [90m     |[39m                               
                  [31m[1m^[22m[39m
     [90m 204 |[39m             
expect[33m.[39mstringContaining([32m'Opera├º├úo 
de transfer├¬ncia abortada'[39m)[33m,[39m
     [90m 205 |[39m             
expect[33m.[39many([33mObject[39m)
     [90m 206 |[39m         )[33m;[39m[0m

      at Object.toHaveBeenCalledWith 
(tests/bot.test.js:203:49)

  ÔùÅ K.A.I.O. Telegram Bot - Unit Tests ÔÇ║ 
Callback Query "cvc_cancel" deveria abortar 
convoca├º├úo

    
expect(jest.fn()).toHaveBeenCalledWith(...expected)

    Expected: StringContaining "Protocolo de 
convoca├º├úo cancelado", Any<Object>
    Received: "ƒñû *[K.A.I.O.]*: Cancelado. Estou 
por aqui se precisar de outra coisa.", {"chat_id": 
456, "message_id": 792, "parse_mode": "Markdown"}

    Number of calls: 1

    [0m [90m 218 |[39m         [36mawait[39m 
callbackHandler(query)[33m;[39m
     [90m 219 |[39m
    [31m[1m>[22m[39m[90m 220 |[39m         exp
ect(mockBotInstance[33m.[39meditMessageText)[33m.
[39mtoHaveBeenCalledWith(
     [90m     |[39m                               
                  [31m[1m^[22m[39m
     [90m 221 |[39m             
expect[33m.[39mstringContaining([32m'Protocolo 
de convoca├º├úo cancelado'[39m)[33m,[39m
     [90m 222 |[39m             
expect[33m.[39many([33mObject[39m)
     [90m 223 |[39m         )[33m;[39m[0m

      at Object.toHaveBeenCalledWith 
(tests/bot.test.js:220:49)

Test Suites: 1 failed, 1 total
Tests:       5 failed, 3 passed, 8 total
Snapshots:   0 total
Time:        0.286 s, estimated 1 s
Ran all test suites matching tests/bot.test.js.
