
> protocolov-tracker@1.0.0 test
> jest

node.exe : FAIL tests/updater.test.js
No linha:1 caractere:1
+ & "C:\Program Files\nodejs/node.exe" "C:\Program Files\nodejs/node_mo ...
+ ~~~~~~~~~~~~~~~~~~~~~~~~~~~~~~~~~~~~~~~~~~~~~~~~~~~~~~~~~~~~~~~~~~~~~
    + CategoryInfo          : NotSpecified: (FAIL tests/updater.test.js:String) [], RemoteException
    + FullyQualifiedErrorId : NativeCommandError
 
  ÔùÅ Motor de Sinergia do Protocolo V (E2E Shadow Test) ÔÇ║ Deve calcular corretamente 2 pontos de Sinergia para uma 
vit├│ria em DUO

    expect(jest.fn()).toHaveBeenCalled()

    Expected number of calls: >= 1
    Received number of calls:    0

    [0m [90m 138 |[39m
     [90m 139 |[39m     [90m// Verifica se o upsert foi chamado[39m
    [31m[1m>[22m[39m[90m 140 |[39m     expect(upsertSpy)[33m.[39mtoHaveBeenCalled()[33m;[39m
     [90m     |[39m                       [31m[1m^[22m[39m
     [90m 141 |[39m
     [90m 142 |[39m     [90m// Verifica os dados enviados para o Supabase[39m
     [90m 143 |[39m     [36mconst[39m upsertedPlayers [33m=[39m 
upsertSpy[33m.[39mmock[33m.[39mcalls[[35m0[39m][[35m0[39m][33m;[39m[0m

      at Object.toHaveBeenCalled (tests/updater.test.js:140:23)

PASS tests/bot.test.js

Test Suites: 1 failed, 1 passed, 2 total
Tests:       1 failed, 8 passed, 9 total
Snapshots:   0 total
Time:        0.322 s, estimated 1 s
Ran all test suites.
